// The simplecpu PMDA's domain number.
#define SIMPLECPU 129
