
simplecpu PMDA
PMDA interface version <redacted>
PCP version <redacted>

