
simple PMDA
PMDA interface version 6
PCP version 3.9.1 (30901)

