/* The trivial PMDA's domain number. */
#define TRIVIAL 250
