
#include <stdpmid>

root { simplecpu }

#include "pmns"

