
@ trivial.time The time in seconds since 1 Jan 1970
The time in seconds since the 1st of January, 1970.

