
simplecpu {
    ticks
}

simplecpu.ticks {
    total    SIMPLECPU:0:0
    cpu0     SIMPLECPU:0:1
}

