
#ifndef TRIVIAL
#define TRIVIAL 250
#endif

trivial {
    time    TRIVIAL:0:0
}

