
#include <stdpmid>

root { simple }

#include "pmns"

