open pipe pmdatrivial
Start pmdatrivial PMDA: ./pmdatrivial
text trivial.time
PMID: 250.0.0
[The time in seconds since 1 Jan 1970]
The time in seconds since the 1st of January, 1970.
