
#include <stdpmid>

root { trivial }

#include "pmns"

