/* The simple PMDA's domain number. */
#define SIMPLE 253
