
@ simple.color 

@ simple.now 

@ simple.numfetch 

@ simple.time.sys 

@ simple.time.user 

@ 0.0 

@ 0.1 

@ 0.2 

